{ mkDerivation, base, process, stdenv }:
mkDerivation {
  pname = "readline";
  version = "1.0.3.0";
  sha256 = "deadbeef";
  libraryHaskellDepends = [ base process ];
  description = "An interface to the GNU readline library";
  license = "GPL";
}
